W1224 22:13:48.920000 1825111 site-packages/torch/distributed/run.py:792] 
W1224 22:13:48.920000 1825111 site-packages/torch/distributed/run.py:792] *****************************************
W1224 22:13:48.920000 1825111 site-packages/torch/distributed/run.py:792] Setting OMP_NUM_THREADS environment variable for each process to be 1 in default, to avoid your system being overloaded, please further tune the variable for optimal performance in your application as needed. 
W1224 22:13:48.920000 1825111 site-packages/torch/distributed/run.py:792] *****************************************
Traceback (most recent call last):
  File "/sharedata/shareenvs/qiuwuoptimizer-dev/bin/torchrun", line 7, in <module>
    sys.exit(main())
  File "/sharedata/shareenvs/qiuwuoptimizer-dev/lib/python3.10/site-packages/torch/distributed/elastic/multiprocessing/errors/__init__.py", line 355, in wrapper
    return f(*args, **kwargs)
  File "/sharedata/shareenvs/qiuwuoptimizer-dev/lib/python3.10/site-packages/torch/distributed/run.py", line 918, in main
    run(args)
  File "/sharedata/shareenvs/qiuwuoptimizer-dev/lib/python3.10/site-packages/torch/distributed/run.py", line 909, in run
    elastic_launch(
  File "/sharedata/shareenvs/qiuwuoptimizer-dev/lib/python3.10/site-packages/torch/distributed/launcher/api.py", line 138, in __call__
    return launch_agent(self._config, self._entrypoint, list(args))
  File "/sharedata/shareenvs/qiuwuoptimizer-dev/lib/python3.10/site-packages/torch/distributed/launcher/api.py", line 260, in launch_agent
    result = agent.run()
  File "/sharedata/shareenvs/qiuwuoptimizer-dev/lib/python3.10/site-packages/torch/distributed/elastic/metrics/api.py", line 137, in wrapper
    result = f(*args, **kwargs)
  File "/sharedata/shareenvs/qiuwuoptimizer-dev/lib/python3.10/site-packages/torch/distributed/elastic/agent/server/api.py", line 711, in run
    result = self._invoke_run(role)
  File "/sharedata/shareenvs/qiuwuoptimizer-dev/lib/python3.10/site-packages/torch/distributed/elastic/agent/server/api.py", line 864, in _invoke_run
    self._initialize_workers(self._worker_group)
  File "/sharedata/shareenvs/qiuwuoptimizer-dev/lib/python3.10/site-packages/torch/distributed/elastic/metrics/api.py", line 137, in wrapper
    result = f(*args, **kwargs)
  File "/sharedata/shareenvs/qiuwuoptimizer-dev/lib/python3.10/site-packages/torch/distributed/elastic/agent/server/api.py", line 683, in _initialize_workers
    self._rendezvous(worker_group)
  File "/sharedata/shareenvs/qiuwuoptimizer-dev/lib/python3.10/site-packages/torch/distributed/elastic/metrics/api.py", line 137, in wrapper
    result = f(*args, **kwargs)
  File "/sharedata/shareenvs/qiuwuoptimizer-dev/lib/python3.10/site-packages/torch/distributed/elastic/agent/server/api.py", line 500, in _rendezvous
    rdzv_info = spec.rdzv_handler.next_rendezvous()
  File "/sharedata/shareenvs/qiuwuoptimizer-dev/lib/python3.10/site-packages/torch/distributed/elastic/rendezvous/static_tcp_rendezvous.py", line 67, in next_rendezvous
    self._store = TCPStore(  # type: ignore[call-arg]
RuntimeError: The server socket has failed to listen on any local network address. port: 6003, useIpv6: 0, code: -98, name: EADDRINUSE, message: address already in use
[ERROR] 2025-12-24-22:13:48 (PID:1825111, Device:-1, RankID:-1) ERR99999 UNKNOWN applicaiton exception
